2026.09.12 13:01:25 INFO  Started: Metals version 1.6.8 in folders 'C:\Users\Usuario\Desktop\MoveRent-Progra-Funcional' for client Visual Studio Code 1.136.2.
2026.09.12 13:01:25 INFO  Memory monitor started
2026.09.12 13:01:27 WARN  Using H2 2.4.240 which is newer than the version Flyway has been verified with. The latest verified version of H2 is 2.3.232.
2026.09.12 13:01:28 INFO  no build target found for C:\Users\Usuario\Desktop\MoveRent-Progra-Funcional\src\main\scala\Main.scala. Using presentation compiler with project's scala-library version: 3.3.8
2026.09.12 13:01:30 INFO  no build target found for C:\Users\Usuario\Desktop\MoveRent-Progra-Funcional\src\main\scala\Main.scala. Using presentation compiler with project's scala-library version: 3.3.8
2026.09.12 13:01:30 INFO  no build target found for C:\Users\Usuario\Desktop\MoveRent-Progra-Funcional\src\main\scala\Main.scala. Using presentation compiler with project's scala-library version: 3.3.8
2026.09.12 13:01:31 INFO  Running List(C:\Users\Usuario\AppData\Local\Coursier\data\bin\scala-cli.BAT, setup-ide, C:\Users\Usuario\Desktop\MoveRent-Progra-Funcional)
2026.09.12 13:01:32 WARN  Could not find semantic tokens for: file:///C:/Users/Usuario/Desktop/MoveRent-Progra-Funcional/src/main/scala/Main.scala
2026.09.12 13:01:32 INFO  Attempting to connect to the build server...
2026.09.12 13:01:32 INFO  Running BSP server List(C:\Users\Usuario\AppData\Local\Coursier\data\bin\.scala-cli.aux.exe, bsp, --json-options, C:\Users\Usuario\Desktop\MoveRent-Progra-Funcional\.scala-build\ide-options-v2.json, --json-launcher-options, C:\Users\Usuario\Desktop\MoveRent-Progra-Funcional\.scala-build\ide-launcher-options.json, --envs-file, C:\Users\Usuario\Desktop\MoveRent-Progra-Funcional\.scala-build\ide-envs.json, C:\Users\Usuario\Desktop\MoveRent-Progra-Funcional)
2026.09.12 13:01:32 INFO  Tracing is disabled for protocol BSP. To enable tracing of incoming and outgoing JSON messages, create an empty file at C:\Users\Usuario\Desktop\MoveRent-Progra-Funcional\.metals\bsp.trace.json or C:\Users\Usuario\AppData\Local\scalameta\metals\cache\bsp.trace.json
2026.09.12 13:01:32 WARN  no build target for: C:\Users\Usuario\Desktop\MoveRent-Progra-Funcional\src\main\scala\Main.scala
2026.09.12 13:01:32 INFO  no build target found for C:\Users\Usuario\Desktop\MoveRent-Progra-Funcional\src\main\scala\Main.scala. Using presentation compiler with project's scala-library version: 3.3.8
2026.09.12 13:01:32 INFO  no build target found for C:\Users\Usuario\Desktop\MoveRent-Progra-Funcional\src\main\scala\Main.scala. Using presentation compiler with project's scala-library version: 3.3.8
2026.09.12 13:01:36 INFO  no build target found for C:\Users\Usuario\Desktop\MoveRent-Progra-Funcional\src\main\scala\Main.scala. Using presentation compiler with project's scala-library version: 3.3.8
2026.09.12 13:01:36 INFO  time: Connected to build server in 4.3s
2026.09.12 13:01:36 INFO  Connected to Build server: scala-cli v1.15.0
2026.09.12 13:01:37 INFO  time: Imported build in 1.1s
2026.09.12 13:01:38 INFO  compiling moverent-progra-funcional_66e974c94b (1 scala source)
2026.09.12 13:01:42 INFO  time: compiled MoveRent-Progra-Funcional_66e974c94b in 3.38s
2026.09.12 13:01:46 WARN  Using H2 2.4.240 which is newer than the version Flyway has been verified with. The latest verified version of H2 is 2.3.232.
2026.09.12 13:01:52 INFO  time: indexed workspace in 14s
2026.09.12 13:03:06 INFO  no build target found for C:\Users\Usuario\Desktop\MoveRent-Progra-Funcional\src\main\scala\Usuario.scala. Using presentation compiler with project's scala-library version: 3.8.4
2026.09.12 13:03:06 WARN  no build target for: C:\Users\Usuario\Desktop\MoveRent-Progra-Funcional\src\main\scala\Usuario.scala
2026.09.12 13:03:06 INFO  no build target found for C:\Users\Usuario\Desktop\MoveRent-Progra-Funcional\src\main\scala\Usuario.scala. Using presentation compiler with project's scala-library version: 3.8.4
2026.09.12 13:03:06 WARN  Could not find semantic tokens for: file:///C:/Users/Usuario/Desktop/MoveRent-Progra-Funcional/src/main/scala/Usuario.scala
2026.09.12 13:03:07 INFO  compiling moverent-progra-funcional_66e974c94b (1 scala source)
2026.09.12 13:03:07 INFO  time: compiled MoveRent-Progra-Funcional_66e974c94b in 0.3s
2026.09.12 13:03:07 WARN  Could not find semantic tokens for: file:///C:/Users/Usuario/Desktop/MoveRent-Progra-Funcional/src/main/scala/Usuario.scala
2026.09.12 13:03:11 INFO  time: indexed workspace in 3.92s
2026.09.12 13:03:11 WARN  Could not find semantic tokens for: file:///C:/Users/Usuario/Desktop/MoveRent-Progra-Funcional/src/main/scala/Usuario.scala
2026.09.12 13:03:15 INFO  compiling moverent-progra-funcional_66e974c94b (1 scala source)
2026.09.12 13:03:19 INFO  time: compiled MoveRent-Progra-Funcional_66e974c94b in 3.94s
sept 12, 2026 1:03:23 P. M. org.eclipse.lsp4j.jsonrpc.RemoteEndpoint handleCancellation
ADVERTENCIA: Unmatched cancel notification for request id 65
2026.09.12 13:03:27 INFO  compiling moverent-progra-funcional_66e974c94b (1 scala source)
2026.09.12 13:03:27 INFO  time: compiled MoveRent-Progra-Funcional_66e974c94b in 0.71s
2026.09.12 13:04:46 INFO  compiling moverent-progra-funcional_66e974c94b (1 scala source)
2026.09.12 13:04:48 INFO  time: compiled MoveRent-Progra-Funcional_66e974c94b in 2.23s
2026.09.12 13:05:11 INFO  compiling moverent-progra-funcional_66e974c94b (1 scala source)
2026.09.12 13:05:11 INFO  time: compiled MoveRent-Progra-Funcional_66e974c94b in 0.41s
2026.09.12 13:07:18 INFO  no build target found for C:\Users\Usuario\Desktop\MoveRent-Progra-Funcional\src\main\scala\Vehiculo.scala. Using presentation compiler with project's scala-library version: 3.8.4
2026.09.12 13:07:18 WARN  no build target for: C:\Users\Usuario\Desktop\MoveRent-Progra-Funcional\src\main\scala\Vehiculo.scala
2026.09.12 13:07:18 INFO  no build target found for C:\Users\Usuario\Desktop\MoveRent-Progra-Funcional\src\main\scala\Vehiculo.scala. Using presentation compiler with project's scala-library version: 3.8.4
2026.09.12 13:07:18 WARN  Could not find semantic tokens for: file:///C:/Users/Usuario/Desktop/MoveRent-Progra-Funcional/src/main/scala/Vehiculo.scala
2026.09.12 13:07:19 INFO  no build target found for C:\Users\Usuario\Desktop\MoveRent-Progra-Funcional\src\main\scala\Vehiculo.scala. Using presentation compiler with project's scala-library version: 3.8.4
2026.09.12 13:07:18 WARN  Could not find semantic tokens for: file:///C:/Users/Usuario/Desktop/MoveRent-Progra-Funcional/src/main/scala/Vehiculo.scala
2026.09.12 13:07:19 INFO  compiling moverent-progra-funcional_66e974c94b (1 scala source)
2026.09.12 13:07:19 INFO  time: compiled MoveRent-Progra-Funcional_66e974c94b in 0.2s
2026.09.12 13:07:25 INFO  time: indexed workspace in 5.7s
sept 12, 2026 1:07:25 P. M. org.eclipse.lsp4j.jsonrpc.RemoteEndpoint handleCancellation
ADVERTENCIA: Unmatched cancel notification for request id 162
2026.09.12 13:07:25 INFO  compiling moverent-progra-funcional_66e974c94b (1 scala source)
2026.09.12 13:07:25 INFO  time: compiled MoveRent-Progra-Funcional_66e974c94b in 0.62s
2026.09.12 13:07:52 INFO  compiling moverent-progra-funcional_66e974c94b (1 scala source)
2026.09.12 13:07:53 INFO  time: compiled MoveRent-Progra-Funcional_66e974c94b in 1.03s
2026.09.12 13:09:05 INFO  no build target found for C:\Users\Usuario\Desktop\MoveRent-Progra-Funcional\src\main\scala\Scooter.scala. Using presentation compiler with project's scala-library version: 3.8.4
2026.09.12 13:09:05 WARN  no build target for: C:\Users\Usuario\Desktop\MoveRent-Progra-Funcional\src\main\scala\Scooter.scala
2026.09.12 13:09:05 INFO  no build target found for C:\Users\Usuario\Desktop\MoveRent-Progra-Funcional\src\main\scala\Scooter.scala. Using presentation compiler with project's scala-library version: 3.8.4
2026.09.12 13:09:05 WARN  Could not find semantic tokens for: file:///C:/Users/Usuario/Desktop/MoveRent-Progra-Funcional/src/main/scala/Scooter.scala
2026.09.12 13:09:05 INFO  no build target found for C:\Users\Usuario\Desktop\MoveRent-Progra-Funcional\src\main\scala\Scooter.scala. Using presentation compiler with project's scala-library version: 3.8.4
2026.09.12 13:09:06 INFO  time: Imported build in 0.12s
2026.09.12 13:09:05 WARN  Could not find semantic tokens for: file:///C:/Users/Usuario/Desktop/MoveRent-Progra-Funcional/src/main/scala/Scooter.scala
2026.09.12 13:09:06 INFO  compiling moverent-progra-funcional_66e974c94b (1 scala source)
2026.09.12 13:09:06 INFO  time: compiled MoveRent-Progra-Funcional_66e974c94b in 0.19s
2026.09.12 13:09:10 INFO  time: indexed workspace in 3.85s
2026.09.12 13:09:10 WARN  Could not find semantic tokens for: file:///C:/Users/Usuario/Desktop/MoveRent-Progra-Funcional/src/main/scala/Scooter.scala
2026.09.12 13:09:14 INFO  no build target found for C:\Users\Usuario\Desktop\MoveRent-Progra-Funcional\src\main\scala\Bicicleta.scala. Using presentation compiler with project's scala-library version: 3.8.4
2026.09.12 13:09:14 WARN  no build target for: C:\Users\Usuario\Desktop\MoveRent-Progra-Funcional\src\main\scala\Bicicleta.scala
2026.09.12 13:09:14 INFO  no build target found for C:\Users\Usuario\Desktop\MoveRent-Progra-Funcional\src\main\scala\Bicicleta.scala. Using presentation compiler with project's scala-library version: 3.8.4
2026.09.12 13:09:14 WARN  Could not find semantic tokens for: file:///C:/Users/Usuario/Desktop/MoveRent-Progra-Funcional/src/main/scala/Bicicleta.scala
2026.09.12 13:09:14 INFO  no build target found for C:\Users\Usuario\Desktop\MoveRent-Progra-Funcional\src\main\scala\Bicicleta.scala. Using presentation compiler with project's scala-library version: 3.8.4
2026.09.12 13:09:15 WARN  Could not find semantic tokens for: file:///C:/Users/Usuario/Desktop/MoveRent-Progra-Funcional/src/main/scala/Bicicleta.scala
2026.09.12 13:09:15 INFO  compiling moverent-progra-funcional_66e974c94b (1 scala source)
2026.09.12 13:09:15 INFO  time: compiled MoveRent-Progra-Funcional_66e974c94b in 0.25s
2026.09.12 13:09:19 INFO  time: indexed workspace in 4.39s
2026.09.12 13:09:20 WARN  Could not find semantic tokens for: file:///C:/Users/Usuario/Desktop/MoveRent-Progra-Funcional/src/main/scala/Bicicleta.scala
2026.09.12 13:09:31 INFO  no build target found for C:\Users\Usuario\Desktop\MoveRent-Progra-Funcional\src\main\scala\Auto.scala. Using presentation compiler with project's scala-library version: 3.8.4
2026.09.12 13:09:31 WARN  no build target for: C:\Users\Usuario\Desktop\MoveRent-Progra-Funcional\src\main\scala\Auto.scala
2026.09.12 13:09:31 INFO  no build target found for C:\Users\Usuario\Desktop\MoveRent-Progra-Funcional\src\main\scala\Auto.scala. Using presentation compiler with project's scala-library version: 3.8.4
2026.09.12 13:09:31 WARN  Could not find semantic tokens for: file:///C:/Users/Usuario/Desktop/MoveRent-Progra-Funcional/src/main/scala/Auto.scala
2026.09.12 13:09:31 INFO  no build target found for C:\Users\Usuario\Desktop\MoveRent-Progra-Funcional\src\main\scala\Auto.scala. Using presentation compiler with project's scala-library version: 3.8.4
2026.09.12 13:09:31 WARN  Could not find semantic tokens for: file:///C:/Users/Usuario/Desktop/MoveRent-Progra-Funcional/src/main/scala/Auto.scala
2026.09.12 13:09:32 INFO  compiling moverent-progra-funcional_66e974c94b (1 scala source)
2026.09.12 13:09:32 INFO  time: compiled MoveRent-Progra-Funcional_66e974c94b in 0.28s
2026.09.12 13:09:34 WARN  Could not find semantic tokens for: file:///C:/Users/Usuario/Desktop/MoveRent-Progra-Funcional/src/main/scala/Scooter.scala
2026.09.12 13:09:35 WARN  Could not find semantic tokens for: file:///C:/Users/Usuario/Desktop/MoveRent-Progra-Funcional/src/main/scala/Scooter.scala
2026.09.12 13:09:37 INFO  time: indexed workspace in 4.97s
2026.09.12 13:09:37 WARN  Could not find semantic tokens for: file:///C:/Users/Usuario/Desktop/MoveRent-Progra-Funcional/src/main/scala/Scooter.scala
2026.09.12 13:09:49 INFO  compiling moverent-progra-funcional_66e974c94b (1 scala source)
2026.09.12 13:09:49 INFO  time: compiled MoveRent-Progra-Funcional_66e974c94b in 0.79s
2026.09.12 13:09:55 WARN  Could not find semantic tokens for: file:///C:/Users/Usuario/Desktop/MoveRent-Progra-Funcional/src/main/scala/Bicicleta.scala
2026.09.12 13:10:01 INFO  compiling moverent-progra-funcional_66e974c94b (1 scala source)
2026.09.12 13:10:01 INFO  time: compiled MoveRent-Progra-Funcional_66e974c94b in 0.46s
2026.09.12 13:10:03 WARN  Could not find semantic tokens for: file:///C:/Users/Usuario/Desktop/MoveRent-Progra-Funcional/src/main/scala/Auto.scala
2026.09.12 13:10:14 INFO  compiling moverent-progra-funcional_66e974c94b (1 scala source)
2026.09.12 13:10:14 INFO  time: compiled MoveRent-Progra-Funcional_66e974c94b in 0.38s
sept 12, 2026 1:10:16 P. M. org.eclipse.lsp4j.jsonrpc.services.GenericEndpoint notify
INFORMACIÓN: Unsupported notification method: $/setTrace
2026.09.12 13:11:54 INFO  compiling moverent-progra-funcional_66e974c94b (1 scala source)
2026.09.12 13:11:55 INFO  time: compiled MoveRent-Progra-Funcional_66e974c94b in 1.01s
2026.09.12 13:15:37 INFO  no build target found for C:\Users\Usuario\Desktop\MoveRent-Progra-Funcional\src\main\scala\Alquiler.scala. Using presentation compiler with project's scala-library version: 3.8.4
2026.09.12 13:15:37 INFO  no build target found for C:\Users\Usuario\Desktop\MoveRent-Progra-Funcional\src\main\scala\Alquiler.scala. Using presentation compiler with project's scala-library version: 3.8.4
2026.09.12 13:15:37 WARN  no build target for: C:\Users\Usuario\Desktop\MoveRent-Progra-Funcional\src\main\scala\Alquiler.scala
2026.09.12 13:15:37 WARN  Could not find semantic tokens for: file:///C:/Users/Usuario/Desktop/MoveRent-Progra-Funcional/src/main/scala/Alquiler.scala
2026.09.12 13:15:38 INFO  no build target found for C:\Users\Usuario\Desktop\MoveRent-Progra-Funcional\src\main\scala\Alquiler.scala. Using presentation compiler with project's scala-library version: 3.8.4
2026.09.12 13:15:38 INFO  compiling moverent-progra-funcional_66e974c94b (1 scala source)
2026.09.12 13:15:38 INFO  time: code lens generation in 1.18s
2026.09.12 13:15:38 INFO  time: compiled MoveRent-Progra-Funcional_66e974c94b in 0.63s
2026.09.12 13:15:39 WARN  Could not find semantic tokens for: file:///C:/Users/Usuario/Desktop/MoveRent-Progra-Funcional/src/main/scala/Alquiler.scala
2026.09.12 13:15:42 INFO  time: indexed workspace in 4.81s
2026.09.12 13:15:42 WARN  Could not find semantic tokens for: file:///C:/Users/Usuario/Desktop/MoveRent-Progra-Funcional/src/main/scala/Alquiler.scala
2026.09.12 13:15:56 INFO  compiling moverent-progra-funcional_66e974c94b (1 scala source)
2026.09.12 13:15:57 INFO  time: compiled MoveRent-Progra-Funcional_66e974c94b in 1.4s
2026.09.12 13:16:34 INFO  compiling moverent-progra-funcional_66e974c94b (1 scala source)
2026.09.12 13:16:34 INFO  time: compiled MoveRent-Progra-Funcional_66e974c94b in 0.46s
2026.09.12 13:16:45 INFO  compiling moverent-progra-funcional_66e974c94b (1 scala source)
2026.09.12 13:16:45 INFO  time: compiled MoveRent-Progra-Funcional_66e974c94b in 0.43s
2026.09.12 13:20:13 INFO  no build target found for C:\Users\Usuario\Desktop\MoveRent-Progra-Funcional\src\main\scala\Sistema.scala. Using presentation compiler with project's scala-library version: 3.8.4
2026.09.12 13:20:13 WARN  no build target for: C:\Users\Usuario\Desktop\MoveRent-Progra-Funcional\src\main\scala\Sistema.scala
2026.09.12 13:20:13 INFO  no build target found for C:\Users\Usuario\Desktop\MoveRent-Progra-Funcional\src\main\scala\Sistema.scala. Using presentation compiler with project's scala-library version: 3.8.4
2026.09.12 13:20:13 WARN  Could not find semantic tokens for: file:///C:/Users/Usuario/Desktop/MoveRent-Progra-Funcional/src/main/scala/Sistema.scala
2026.09.12 13:20:14 INFO  compiling moverent-progra-funcional_66e974c94b (1 scala source)
2026.09.12 13:20:14 WARN  Could not find semantic tokens for: file:///C:/Users/Usuario/Desktop/MoveRent-Progra-Funcional/src/main/scala/Sistema.scala
2026.09.12 13:20:14 INFO  time: compiled MoveRent-Progra-Funcional_66e974c94b in 0.94s
2026.09.12 13:20:19 INFO  time: indexed workspace in 4.94s
2026.09.12 13:20:19 WARN  Could not find semantic tokens for: file:///C:/Users/Usuario/Desktop/MoveRent-Progra-Funcional/src/main/scala/Sistema.scala
2026.09.12 13:20:32 INFO  compiling moverent-progra-funcional_66e974c94b (1 scala source)
2026.09.12 13:20:33 INFO  time: compiled MoveRent-Progra-Funcional_66e974c94b in 1.42s
Exception in thread "pool-36-thread-1" java.lang.InterruptedException
	at scala.meta.internal.metals.FutureCancelToken.checkCanceled(FutureCancelToken.scala:29)
	at scala.meta.internal.pc.CompilerAccess.onCompilerJobQueue$$anonfun$1(CompilerAccess.scala:208)
	at scala.meta.internal.pc.CompilerJobQueue$Job.run(CompilerJobQueue.scala:153)
	at java.base/java.util.concurrent.ThreadPoolExecutor.runWorker(ThreadPoolExecutor.java:1144)
	at java.base/java.util.concurrent.ThreadPoolExecutor$Worker.run(ThreadPoolExecutor.java:642)
	at java.base/java.lang.Thread.run(Thread.java:1583)
2026.09.12 13:21:18 INFO  compiling moverent-progra-funcional_66e974c94b (1 scala source)
2026.09.12 13:21:20 INFO  time: compiled MoveRent-Progra-Funcional_66e974c94b in 1.49s
2026.09.12 13:23:07 INFO  no build target found for C:\Users\Usuario\Desktop\MoveRent-Progra-Funcional\src\main\scala\Funciones.scala. Using presentation compiler with project's scala-library version: 3.8.4
2026.09.12 13:23:07 WARN  no build target for: C:\Users\Usuario\Desktop\MoveRent-Progra-Funcional\src\main\scala\Funciones.scala
2026.09.12 13:23:07 INFO  no build target found for C:\Users\Usuario\Desktop\MoveRent-Progra-Funcional\src\main\scala\Funciones.scala. Using presentation compiler with project's scala-library version: 3.8.4
2026.09.12 13:23:07 WARN  Could not find semantic tokens for: file:///C:/Users/Usuario/Desktop/MoveRent-Progra-Funcional/src/main/scala/Funciones.scala
2026.09.12 13:23:08 INFO  compiling moverent-progra-funcional_66e974c94b (1 scala source)
2026.09.12 13:23:07 WARN  Could not find semantic tokens for: file:///C:/Users/Usuario/Desktop/MoveRent-Progra-Funcional/src/main/scala/Funciones.scala
2026.09.12 13:23:08 INFO  time: compiled MoveRent-Progra-Funcional_66e974c94b in 0.2s
2026.09.12 13:23:12 INFO  time: indexed workspace in 3.67s
2026.09.12 13:23:13 WARN  Could not find semantic tokens for: file:///C:/Users/Usuario/Desktop/MoveRent-Progra-Funcional/src/main/scala/Funciones.scala
2026.09.12 13:23:23 WARN  Could not find semantic tokens for: file:///C:/Users/Usuario/Desktop/MoveRent-Progra-Funcional/src/main/scala/Funciones.scala
2026.09.12 13:24:29 INFO  compiling moverent-progra-funcional_66e974c94b (1 scala source)
2026.09.12 13:24:31 INFO  time: compiled MoveRent-Progra-Funcional_66e974c94b in 2.14s
2026.09.12 13:26:29 INFO  compiling moverent-progra-funcional_66e974c94b (1 scala source)
2026.09.12 13:26:29 INFO  time: compiled MoveRent-Progra-Funcional_66e974c94b in 0.69s
2026.09.12 13:27:49 INFO  compiling moverent-progra-funcional_66e974c94b (1 scala source)
2026.09.12 13:27:50 INFO  time: compiled MoveRent-Progra-Funcional_66e974c94b in 1.4s
2026.09.12 13:33:00 INFO  no build target found for C:\Users\Usuario\Desktop\MoveRent-Progra-Funcional\src\main\scala\EstadoVehiculo.scala. Using presentation compiler with project's scala-library version: 3.8.4
2026.09.12 13:33:00 WARN  no build target for: C:\Users\Usuario\Desktop\MoveRent-Progra-Funcional\src\main\scala\EstadoVehiculo.scala
2026.09.12 13:33:01 INFO  no build target found for C:\Users\Usuario\Desktop\MoveRent-Progra-Funcional\src\main\scala\EstadoVehiculo.scala. Using presentation compiler with project's scala-library version: 3.8.4
2026.09.12 13:33:01 WARN  Could not find semantic tokens for: file:///C:/Users/Usuario/Desktop/MoveRent-Progra-Funcional/src/main/scala/EstadoVehiculo.scala
2026.09.12 13:33:01 INFO  no build target found for C:\Users\Usuario\Desktop\MoveRent-Progra-Funcional\src\main\scala\EstadoVehiculo.scala. Using presentation compiler with project's scala-library version: 3.8.4
2026.09.12 13:33:01 WARN  Could not find semantic tokens for: file:///C:/Users/Usuario/Desktop/MoveRent-Progra-Funcional/src/main/scala/EstadoVehiculo.scala
2026.09.12 13:33:02 INFO  compiling moverent-progra-funcional_66e974c94b (1 scala source)
2026.09.12 13:33:02 INFO  time: compiled MoveRent-Progra-Funcional_66e974c94b in 0.45s
2026.09.12 13:33:07 INFO  time: indexed workspace in 5.1s
2026.09.12 13:33:07 WARN  Could not find semantic tokens for: file:///C:/Users/Usuario/Desktop/MoveRent-Progra-Funcional/src/main/scala/EstadoVehiculo.scala
2026.09.12 13:34:33 INFO  compiling moverent-progra-funcional_66e974c94b (1 scala source)
2026.09.12 13:34:34 INFO  time: compiled MoveRent-Progra-Funcional_66e974c94b in 1.13s
2026.09.12 13:35:21 INFO  compiling moverent-progra-funcional_66e974c94b (1 scala source)
2026.09.12 13:35:21 INFO  time: compiled MoveRent-Progra-Funcional_66e974c94b in 0.35s
2026.09.12 13:35:21 INFO  compiling moverent-progra-funcional_66e974c94b (4 scala sources)
2026.09.12 13:35:26 INFO  time: compiled MoveRent-Progra-Funcional_66e974c94b in 4.29s
2026.09.12 13:35:52 INFO  compiling moverent-progra-funcional_66e974c94b (2 scala sources)
2026.09.12 13:35:52 INFO  time: compiled MoveRent-Progra-Funcional_66e974c94b in 0.57s
2026.09.12 13:35:52 INFO  compiling moverent-progra-funcional_66e974c94b (4 scala sources)
2026.09.12 13:35:55 INFO  time: compiled MoveRent-Progra-Funcional_66e974c94b in 2.41s
2026.09.12 13:36:20 INFO  compiling moverent-progra-funcional_66e974c94b (3 scala sources)
2026.09.12 13:36:20 INFO  time: compiled MoveRent-Progra-Funcional_66e974c94b in 0.48s
2026.09.12 13:36:20 INFO  compiling moverent-progra-funcional_66e974c94b (3 scala sources)
2026.09.12 13:36:23 INFO  time: compiled MoveRent-Progra-Funcional_66e974c94b in 2.66s
2026.09.12 13:36:27 INFO  compiling moverent-progra-funcional_66e974c94b (4 scala sources)
2026.09.12 13:36:27 INFO  time: compiled MoveRent-Progra-Funcional_66e974c94b in 0.41s
2026.09.12 13:36:27 INFO  compiling moverent-progra-funcional_66e974c94b (2 scala sources)
2026.09.12 13:36:29 INFO  time: compiled MoveRent-Progra-Funcional_66e974c94b in 1.96s
2026.09.12 13:38:07 INFO  compiling moverent-progra-funcional_66e974c94b (5 scala sources)
2026.09.12 13:38:08 INFO  time: compiled MoveRent-Progra-Funcional_66e974c94b in 1.21s
2026.09.12 13:38:21 INFO  compiling moverent-progra-funcional_66e974c94b (5 scala sources)
2026.09.12 13:38:24 INFO  time: compiled MoveRent-Progra-Funcional_66e974c94b in 2.83s
2026.09.12 13:38:24 INFO  compiling moverent-progra-funcional_66e974c94b (2 scala sources)
2026.09.12 13:38:26 INFO  time: compiled MoveRent-Progra-Funcional_66e974c94b in 1.55s
2026.09.12 13:39:54 INFO  compiling moverent-progra-funcional_66e974c94b (10 scala sources)
2026.09.12 13:39:57 INFO  time: compiled MoveRent-Progra-Funcional_66e974c94b in 2.79s
sept 12, 2026 1:45:29 P. M. org.eclipse.lsp4j.jsonrpc.RemoteEndpoint handleCancellation
ADVERTENCIA: Unmatched cancel notification for request id 1762
2026.09.12 13:45:57 INFO  compiling moverent-progra-funcional_66e974c94b (1 scala source)
2026.09.12 13:45:57 INFO  time: compiled MoveRent-Progra-Funcional_66e974c94b in 0.62s
2026.09.12 13:46:53 INFO  compiling moverent-progra-funcional_66e974c94b (1 scala source)
2026.09.12 13:46:53 INFO  time: compiled MoveRent-Progra-Funcional_66e974c94b in 0.91s
2026.09.12 13:47:47 INFO  compiling moverent-progra-funcional_66e974c94b (1 scala source)
2026.09.12 13:47:47 INFO  time: compiled MoveRent-Progra-Funcional_66e974c94b in 0.68s
sept 12, 2026 1:48:48 P. M. org.eclipse.lsp4j.jsonrpc.RemoteEndpoint handleCancellation
ADVERTENCIA: Unmatched cancel notification for request id 2275
sept 12, 2026 1:49:33 P. M. org.eclipse.lsp4j.jsonrpc.RemoteEndpoint handleCancellation
ADVERTENCIA: Unmatched cancel notification for request id 2426
sept 12, 2026 1:49:34 P. M. org.eclipse.lsp4j.jsonrpc.RemoteEndpoint handleCancellation
ADVERTENCIA: Unmatched cancel notification for request id 2435
2026.09.12 13:49:34 INFO  compiling moverent-progra-funcional_66e974c94b (1 scala source)
2026.09.12 13:49:36 INFO  time: compiled MoveRent-Progra-Funcional_66e974c94b in 1.16s
2026.09.12 13:56:49 INFO  compiling moverent-progra-funcional_66e974c94b (1 scala source)
2026.09.12 13:56:50 INFO  time: compiled MoveRent-Progra-Funcional_66e974c94b in 1.45s
2026.09.12 13:59:39 INFO  no build target found for C:\Users\Usuario\Desktop\MoveRent-Progra-Funcional\src\main\scala\ResumenMensual.scala. Using presentation compiler with project's scala-library version: 3.8.4
2026.09.12 13:59:39 WARN  no build target for: C:\Users\Usuario\Desktop\MoveRent-Progra-Funcional\src\main\scala\ResumenMensual.scala
2026.09.12 13:59:39 INFO  no build target found for C:\Users\Usuario\Desktop\MoveRent-Progra-Funcional\src\main\scala\ResumenMensual.scala. Using presentation compiler with project's scala-library version: 3.8.4
2026.09.12 13:59:39 WARN  Could not find semantic tokens for: file:///C:/Users/Usuario/Desktop/MoveRent-Progra-Funcional/src/main/scala/ResumenMensual.scala
2026.09.12 13:59:40 INFO  compiling moverent-progra-funcional_66e974c94b (1 scala source)
2026.09.12 13:59:40 INFO  time: compiled MoveRent-Progra-Funcional_66e974c94b in 0.25s
sept 12, 2026 1:59:44 P. M. org.eclipse.lsp4j.jsonrpc.RemoteEndpoint handleCancellation
ADVERTENCIA: Unmatched cancel notification for request id 2864
2026.09.12 13:59:45 INFO  compiling moverent-progra-funcional_66e974c94b (1 scala source)
2026.09.12 13:59:47 INFO  time: compiled MoveRent-Progra-Funcional_66e974c94b in 2.16s
2026.09.12 13:59:47 INFO  time: indexed workspace in 7.73s
2026.09.12 14:00:40 INFO  compiling moverent-progra-funcional_66e974c94b (1 scala source)
2026.09.12 14:00:40 INFO  time: compiled MoveRent-Progra-Funcional_66e974c94b in 0.63s
sept 12, 2026 2:00:41 P. M. org.eclipse.lsp4j.jsonrpc.RemoteEndpoint handleCancellation
ADVERTENCIA: Unmatched cancel notification for request id 3063
2026.09.12 14:02:12 INFO  compiling moverent-progra-funcional_66e974c94b (1 scala source)
2026.09.12 14:02:14 INFO  time: compiled MoveRent-Progra-Funcional_66e974c94b in 1.93s
2026.09.12 14:03:04 INFO  compiling moverent-progra-funcional_66e974c94b (1 scala source)
2026.09.12 14:03:04 INFO  time: compiled MoveRent-Progra-Funcional_66e974c94b in 0.96s
sept 12, 2026 2:10:15 P. M. org.eclipse.lsp4j.jsonrpc.RemoteEndpoint handleCancellation
ADVERTENCIA: Unmatched cancel notification for request id 3805
sept 12, 2026 2:11:53 P. M. org.eclipse.lsp4j.jsonrpc.RemoteEndpoint handleCancellation
ADVERTENCIA: Unmatched cancel notification for request id 4065
sept 12, 2026 2:12:12 P. M. org.eclipse.lsp4j.jsonrpc.RemoteEndpoint handleCancellation
ADVERTENCIA: Unmatched cancel notification for request id 4123
2026.09.12 14:12:57 INFO  compiling moverent-progra-funcional_66e974c94b (1 scala source)
2026.09.12 14:13:03 INFO  time: compiled MoveRent-Progra-Funcional_66e974c94b in 5.67s
sept 12, 2026 2:13:34 P. M. org.eclipse.lsp4j.jsonrpc.RemoteEndpoint handleCancellation
ADVERTENCIA: Unmatched cancel notification for request id 4283
Exception in thread "pool-46-thread-1" java.lang.InterruptedException
	at scala.meta.internal.metals.FutureCancelToken.checkCanceled(FutureCancelToken.scala:29)
	at scala.meta.internal.pc.CompilerAccess.onCompilerJobQueue$$anonfun$1(CompilerAccess.scala:208)
	at scala.meta.internal.pc.CompilerJobQueue$Job.run(CompilerJobQueue.scala:153)
	at java.base/java.util.concurrent.ThreadPoolExecutor.runWorker(ThreadPoolExecutor.java:1144)
	at java.base/java.util.concurrent.ThreadPoolExecutor$Worker.run(ThreadPoolExecutor.java:642)
	at java.base/java.lang.Thread.run(Thread.java:1583)
Exception in thread "pool-46-thread-2" java.lang.InterruptedException
	at scala.meta.internal.metals.FutureCancelToken.checkCanceled(FutureCancelToken.scala:29)
	at scala.meta.internal.pc.CompilerAccess.onCompilerJobQueue$$anonfun$1(CompilerAccess.scala:208)
	at scala.meta.internal.pc.CompilerJobQueue$Job.run(CompilerJobQueue.scala:153)
	at java.base/java.util.concurrent.ThreadPoolExecutor.runWorker(ThreadPoolExecutor.java:1144)
	at java.base/java.util.concurrent.ThreadPoolExecutor$Worker.run(ThreadPoolExecutor.java:642)
	at java.base/java.lang.Thread.run(Thread.java:1583)
sept 12, 2026 2:13:34 P. M. org.eclipse.lsp4j.jsonrpc.RemoteEndpoint handleCancellation
ADVERTENCIA: Unmatched cancel notification for request id 4295
2026.09.12 14:13:37 INFO  compiling moverent-progra-funcional_66e974c94b (2 scala sources)
2026.09.12 14:13:39 INFO  time: compiled MoveRent-Progra-Funcional_66e974c94b in 2.42s
2026.09.12 14:13:53 INFO  compiling moverent-progra-funcional_66e974c94b (2 scala sources)
2026.09.12 14:13:54 INFO  time: compiled MoveRent-Progra-Funcional_66e974c94b in 1.66s
sept 12, 2026 2:14:08 P. M. org.eclipse.lsp4j.jsonrpc.RemoteEndpoint handleCancellation
ADVERTENCIA: Unmatched cancel notification for request id 4389
2026.09.12 14:15:06 INFO  compiling moverent-progra-funcional_66e974c94b (2 scala sources)
2026.09.12 14:15:10 INFO  time: compiled MoveRent-Progra-Funcional_66e974c94b in 3.4s
2026.09.12 14:17:20 INFO  compiling moverent-progra-funcional_66e974c94b (2 scala sources)
2026.09.12 14:17:25 INFO  time: compiled MoveRent-Progra-Funcional_66e974c94b in 5.22s
2026.09.12 14:17:26 WARN  Could not load snapshot text for C:\Users\Usuario\Desktop\MoveRent-Progra-Funcional\src\main\scala\Funciones.scala
2026.09.12 14:17:25 INFO  compiling moverent-progra-funcional_66e974c94b (1 scala source)
2026.09.12 14:17:28 INFO  time: compiled MoveRent-Progra-Funcional_66e974c94b in 1.44s
2026.09.12 14:18:31 INFO  compiling moverent-progra-funcional_66e974c94b (1 scala source)
2026.09.12 14:18:32 INFO  time: compiled MoveRent-Progra-Funcional_66e974c94b in 1.74s
2026.09.12 14:20:08 WARN  Could not load snapshot text for C:\Users\Usuario\Desktop\MoveRent-Progra-Funcional\src\main\scala\Vehiculo.scala
2026.09.12 14:20:08 INFO  compiling moverent-progra-funcional_66e974c94b (1 scala source)
2026.09.12 14:20:08 INFO  time: compiled MoveRent-Progra-Funcional_66e974c94b in 0.32s
2026.09.12 14:20:23 INFO  compiling moverent-progra-funcional_66e974c94b (1 scala source)
2026.09.12 14:20:23 INFO  time: compiled MoveRent-Progra-Funcional_66e974c94b in 0.39s
2026.09.12 14:20:23 INFO  compiling moverent-progra-funcional_66e974c94b (3 scala sources)
2026.09.12 14:20:24 INFO  time: compiled MoveRent-Progra-Funcional_66e974c94b in 1.02s
2026.09.12 14:20:39 WARN  Could not load snapshot text for C:\Users\Usuario\Desktop\MoveRent-Progra-Funcional\src\main\scala\Scooter.scala
2026.09.12 14:20:39 WARN  Could not load snapshot text for C:\Users\Usuario\Desktop\MoveRent-Progra-Funcional\src\main\scala\Scooter.scala
2026.09.12 14:20:39 WARN  Could not load snapshot text for C:\Users\Usuario\Desktop\MoveRent-Progra-Funcional\src\main\scala\Scooter.scala
2026.09.12 14:20:40 WARN  Could not load snapshot text for C:\Users\Usuario\Desktop\MoveRent-Progra-Funcional\src\main\scala\Scooter.scala
2026.09.12 14:20:40 INFO  compiling moverent-progra-funcional_66e974c94b (2 scala sources)
2026.09.12 14:20:40 INFO  time: compiled MoveRent-Progra-Funcional_66e974c94b in 0.41s
2026.09.12 14:20:40 INFO  compiling moverent-progra-funcional_66e974c94b (2 scala sources)
2026.09.12 14:20:40 INFO  time: compiled MoveRent-Progra-Funcional_66e974c94b in 0.26s
2026.09.12 14:20:41 WARN  Could not load snapshot text for C:\Users\Usuario\Desktop\MoveRent-Progra-Funcional\src\main\scala\Scooter.scala
2026.09.12 14:20:45 WARN  Could not load snapshot text for C:\Users\Usuario\Desktop\MoveRent-Progra-Funcional\src\main\scala\Scooter.scala
2026.09.12 14:20:49 INFO  compiling moverent-progra-funcional_66e974c94b (3 scala sources)
2026.09.12 14:20:49 INFO  time: compiled MoveRent-Progra-Funcional_66e974c94b in 0.37s
2026.09.12 14:20:49 INFO  compiling moverent-progra-funcional_66e974c94b (1 scala source)
2026.09.12 14:20:49 INFO  time: compiled MoveRent-Progra-Funcional_66e974c94b in 0.23s
2026.09.12 14:20:55 WARN  Could not load snapshot text for C:\Users\Usuario\Desktop\MoveRent-Progra-Funcional\src\main\scala\Auto.scala
2026.09.12 14:20:55 WARN  Could not load snapshot text for C:\Users\Usuario\Desktop\MoveRent-Progra-Funcional\src\main\scala\Auto.scala
2026.09.12 14:20:55 WARN  Could not load snapshot text for C:\Users\Usuario\Desktop\MoveRent-Progra-Funcional\src\main\scala\Auto.scala
2026.09.12 14:20:55 WARN  Could not load snapshot text for C:\Users\Usuario\Desktop\MoveRent-Progra-Funcional\src\main\scala\Auto.scala
2026.09.12 14:20:55 WARN  Could not load snapshot text for C:\Users\Usuario\Desktop\MoveRent-Progra-Funcional\src\main\scala\Auto.scala
2026.09.12 14:20:55 INFO  compiling moverent-progra-funcional_66e974c94b (4 scala sources)
2026.09.12 14:20:55 INFO  time: compiled MoveRent-Progra-Funcional_66e974c94b in 0.41s
2026.09.12 14:21:21 INFO  compiling moverent-progra-funcional_66e974c94b (1 scala source)
2026.09.12 14:21:21 INFO  time: compiled MoveRent-Progra-Funcional_66e974c94b in 0.99s
2026.09.12 14:22:04 INFO  compiling moverent-progra-funcional_66e974c94b (1 scala source)
2026.09.12 14:22:04 INFO  time: compiled MoveRent-Progra-Funcional_66e974c94b in 0.55s
2026.09.12 14:24:31 INFO  compiling moverent-progra-funcional_66e974c94b (1 scala source)
2026.09.12 14:24:31 INFO  time: compiled MoveRent-Progra-Funcional_66e974c94b in 0.5s
2026.09.12 14:24:32 WARN  Could not load snapshot text for C:\Users\Usuario\Desktop\MoveRent-Progra-Funcional\src\main\scala\Funciones.scala
2026.09.12 14:24:33 WARN  Could not load snapshot text for C:\Users\Usuario\Desktop\MoveRent-Progra-Funcional\src\main\scala\Funciones.scala
2026.09.12 14:24:33 WARN  Could not load snapshot text for C:\Users\Usuario\Desktop\MoveRent-Progra-Funcional\src\main\scala\Funciones.scala
2026.09.12 14:24:34 WARN  Could not load snapshot text for C:\Users\Usuario\Desktop\MoveRent-Progra-Funcional\src\main\scala\Funciones.scala
2026.09.12 14:24:33 INFO  Created report: Optional[file:///C:/Users/Usuario/Desktop/MoveRent-Progra-Funcional/src/main/scala/Funciones.scala]
2026.09.12 14:24:33 INFO  empty definition using pc, found symbol in pc:  (full report at: "C:\Users\Usuario\Desktop\MoveRent-Progra-Funcional\.metals\.reports\metals-full\2026-09-12\r_empty-definition_(MoveRent-Progra-Funcional_5f66e974c94b)_14-24-33-974.md")
2026.09.12 14:24:36 WARN  Could not load snapshot text for C:\Users\Usuario\Desktop\MoveRent-Progra-Funcional\src\main\scala\Funciones.scala
2026.09.12 14:24:39 WARN  Could not load snapshot text for C:\Users\Usuario\Desktop\MoveRent-Progra-Funcional\src\main\scala\Funciones.scala
2026.09.12 14:24:45 WARN  Could not load snapshot text for C:\Users\Usuario\Desktop\MoveRent-Progra-Funcional\src\main\scala\Funciones.scala
2026.09.12 14:24:46 INFO  compiling moverent-progra-funcional_66e974c94b (1 scala source)
2026.09.12 14:24:46 INFO  time: compiled MoveRent-Progra-Funcional_66e974c94b in 0.57s
2026.09.12 14:24:46 INFO  compiling moverent-progra-funcional_66e974c94b (1 scala source)
2026.09.12 14:24:50 INFO  time: compiled MoveRent-Progra-Funcional_66e974c94b in 3.19s
2026.09.12 14:24:50 WARN  Could not load snapshot text for C:\Users\Usuario\Desktop\MoveRent-Progra-Funcional\src\main\scala\Funciones.scala
2026.09.12 14:25:02 WARN  Could not load snapshot text for C:\Users\Usuario\Desktop\MoveRent-Progra-Funcional\src\main\scala\Funciones.scala
2026.09.12 14:26:08 INFO  compiling moverent-progra-funcional_66e974c94b (2 scala sources)
2026.09.12 14:26:08 INFO  time: compiled MoveRent-Progra-Funcional_66e974c94b in 0.81s
2026.09.12 14:27:09 INFO  compiling moverent-progra-funcional_66e974c94b (1 scala source)
2026.09.12 14:27:12 INFO  time: compiled MoveRent-Progra-Funcional_66e974c94b in 3.03s
2026.09.12 14:27:39 INFO  compiling moverent-progra-funcional_66e974c94b (1 scala source)
2026.09.12 14:27:39 INFO  time: compiled MoveRent-Progra-Funcional_66e974c94b in 0.56s
2026.09.12 14:30:58 INFO  compiling moverent-progra-funcional_66e974c94b (1 scala source)
2026.09.12 14:30:58 INFO  time: compiled MoveRent-Progra-Funcional_66e974c94b in 0.66s
2026.09.12 14:31:56 INFO  compiling moverent-progra-funcional_66e974c94b (1 scala source)
2026.09.12 14:31:56 INFO  time: compiled MoveRent-Progra-Funcional_66e974c94b in 0.53s
2026.09.12 14:34:42 WARN  Could not load snapshot text for C:\Users\Usuario\Desktop\MoveRent-Progra-Funcional\src\main\scala\Funciones.scala
2026.09.12 14:34:42 WARN  Could not load snapshot text for C:\Users\Usuario\Desktop\MoveRent-Progra-Funcional\src\main\scala\Funciones.scala
2026.09.12 14:34:42 WARN  Could not load snapshot text for C:\Users\Usuario\Desktop\MoveRent-Progra-Funcional\src\main\scala\Funciones.scala
2026.09.12 14:34:42 INFO  compiling moverent-progra-funcional_66e974c94b (1 scala source)
2026.09.12 14:34:42 INFO  time: compiled MoveRent-Progra-Funcional_66e974c94b in 0.82s
2026.09.12 14:36:10 INFO  compiling moverent-progra-funcional_66e974c94b (1 scala source)
2026.09.12 14:36:10 INFO  time: compiled MoveRent-Progra-Funcional_66e974c94b in 0.81s
2026.09.12 14:37:33 INFO  no build target found for C:\Users\Usuario\Desktop\MoveRent-Progra-Funcional\src\main\scala\Resultado.scala. Using presentation compiler with project's scala-library version: 3.8.4
2026.09.12 14:37:33 INFO  no build target found for C:\Users\Usuario\Desktop\MoveRent-Progra-Funcional\src\main\scala\Resultado.scala. Using presentation compiler with project's scala-library version: 3.8.4
2026.09.12 14:37:33 WARN  no build target for: C:\Users\Usuario\Desktop\MoveRent-Progra-Funcional\src\main\scala\Resultado.scala
2026.09.12 14:37:34 WARN  Could not find semantic tokens for: file:///C:/Users/Usuario/Desktop/MoveRent-Progra-Funcional/src/main/scala/Resultado.scala
2026.09.12 14:37:34 INFO  time: Imported build in 0.11s
2026.09.12 14:37:34 INFO  compiling moverent-progra-funcional_66e974c94b (1 scala source)
2026.09.12 14:37:34 INFO  time: compiled MoveRent-Progra-Funcional_66e974c94b in 0.35s
2026.09.12 14:37:35 WARN  Could not find semantic tokens for: file:///C:/Users/Usuario/Desktop/MoveRent-Progra-Funcional/src/main/scala/Resultado.scala
2026.09.12 14:37:39 INFO  time: indexed workspace in 5.08s
2026.09.12 14:37:41 WARN  Could not find semantic tokens for: file:///C:/Users/Usuario/Desktop/MoveRent-Progra-Funcional/src/main/scala/Resultado.scala
2026.09.12 14:37:50 INFO  compiling moverent-progra-funcional_66e974c94b (1 scala source)
2026.09.12 14:37:52 INFO  time: compiled MoveRent-Progra-Funcional_66e974c94b in 1.64s
2026.09.12 14:39:01 INFO  compiling moverent-progra-funcional_66e974c94b (1 scala source)
2026.09.12 14:39:02 INFO  time: compiled MoveRent-Progra-Funcional_66e974c94b in 1.63s
2026.09.12 14:41:49 INFO  compiling moverent-progra-funcional_66e974c94b (1 scala source)
2026.09.12 14:41:50 INFO  time: compiled MoveRent-Progra-Funcional_66e974c94b in 1.23s
2026.09.12 14:42:20 INFO  compiling moverent-progra-funcional_66e974c94b (1 scala source)
2026.09.12 14:42:21 INFO  time: compiled MoveRent-Progra-Funcional_66e974c94b in 1.12s
Exception in thread "pool-49-thread-1" java.lang.InterruptedException
	at scala.meta.internal.metals.FutureCancelToken.checkCanceled(FutureCancelToken.scala:29)
	at scala.meta.internal.pc.CompilerAccess.onCompilerJobQueue$$anonfun$1(CompilerAccess.scala:208)
	at scala.meta.internal.pc.CompilerJobQueue$Job.run(CompilerJobQueue.scala:153)
	at java.base/java.util.concurrent.ThreadPoolExecutor.runWorker(ThreadPoolExecutor.java:1144)
	at java.base/java.util.concurrent.ThreadPoolExecutor$Worker.run(ThreadPoolExecutor.java:642)
	at java.base/java.lang.Thread.run(Thread.java:1583)
2026.09.12 14:42:48 INFO  compiling moverent-progra-funcional_66e974c94b (1 scala source)
2026.09.12 14:42:48 INFO  time: compiled MoveRent-Progra-Funcional_66e974c94b in 0.81s
2026.09.12 14:44:26 INFO  compiling moverent-progra-funcional_66e974c94b (1 scala source)
2026.09.12 14:44:26 INFO  time: compiled MoveRent-Progra-Funcional_66e974c94b in 0.97s
2026.09.12 14:45:10 INFO  compiling moverent-progra-funcional_66e974c94b (1 scala source)
2026.09.12 14:45:10 INFO  time: compiled MoveRent-Progra-Funcional_66e974c94b in 0.9s
